============================= test session starts ==============================
platform darwin -- Python 3.13.5, pytest-9.1.1, pluggy-1.6.0 -- /Library/Frameworks/Python.framework/Versions/3.13/bin/python3.13
cachedir: .pytest_cache
rootdir: /Users/zahramgh/Downloads/AI_consulting_integration/week-3/news-summarizer
plugins: anyio-4.11.0
collecting ... collected 17 items

test_summarizer.py::TestConfig::test_looks_like_placeholder_detects_empty_and_placeholder_values PASSED [  5%]
test_summarizer.py::TestConfig::test_validate_config_reports_missing_keys PASSED [ 11%]
test_summarizer.py::TestConfig::test_validate_config_passes_when_all_keys_set PASSED [ 17%]
test_summarizer.py::TestNewsAPIClient::test_missing_api_key_raises PASSED [ 23%]
test_summarizer.py::TestNewsAPIClient::test_get_top_headlines_returns_articles PASSED [ 29%]
test_summarizer.py::TestNewsAPIClient::test_get_top_headlines_raises_on_api_error_status PASSED [ 35%]
test_summarizer.py::TestNewsAPIClient::test_retries_on_429_then_succeeds PASSED [ 41%]
test_summarizer.py::TestTokenBudgetManager::test_calculate_cost_uses_provider_pricing PASSED [ 47%]
test_summarizer.py::TestTokenBudgetManager::test_calculate_cost_unknown_model_returns_zero PASSED [ 52%]
test_summarizer.py::TestTokenBudgetManager::test_track_request_raises_when_over_budget PASSED [ 58%]
test_summarizer.py::TestTokenBudgetManager::test_track_request_accumulates_usage PASSED [ 64%]
test_summarizer.py::TestProviderCalls::test_ask_openai_returns_response_and_usage PASSED [ 70%]
test_summarizer.py::TestProviderCalls::test_ask_cohere_returns_response_and_usage PASSED [ 76%]
test_summarizer.py::TestProviderCalls::test_ask_with_fallback_uses_secondary_on_primary_failure PASSED [ 82%]
test_summarizer.py::TestNewsSummarizer::test_process_articles_summarizes_and_scores_sentiment PASSED [ 88%]
test_summarizer.py::TestNewsSummarizer::test_process_articles_returns_empty_list_on_fetch_failure PASSED [ 94%]
test_summarizer.py::TestNewsSummarizer::test_summarize_falls_back_to_cohere_when_openai_fails PASSED [100%]

============================== 17 passed in 2.42s ==============================
